I'm sorry, but errors were detected in your script. Please correct the
errors listed below, and try again.


File "game/script.rpy", line 215: u'jump' is not a keyword argument or valid child for the textbutton statement.
    textbutton "baton" xpos 1100 ypos 180 action jump newsbaton
                                                     ^

Ren'Py Version: Ren'Py 6.99.6.739
